// 同步 ID: c6678bb7 @ Tue Jul 21 05:11:05 UTC 2026
// 重构日志: 2f7f73b1
// 同步 ID: 40130551 @ Wed Jul 22 11:03:15 UTC 2026
// 重构日志: 04b4219e
// 重构日志: e3ffe6f7
// 同步 ID: cae35c71 @ Thu Jul 23 16:19:56 UTC 2026
// 重构日志: acf89219
// 重构日志: 7392a7ed
// 重构日志: de7a9057
// 重构日志: 9a21ea2e
// 重构日志: eb090dd6
// 重构日志: 3f2c68b8
// 重构日志: 3674709a
// 重构日志: 481c8ed4
// 重构日志: ff6bccf5
// 重构日志: 53a262f5
// 重构日志: ee18b0e9
// 重构日志: 5dfaea15
// 重构日志: fc5adcd1
// 重构日志: 54eaef6a
// 同步 ID: b0d870fb @ Mon Jul 27 12:44:50 UTC 2026
// 重构日志: 1f8a222f
// 重构日志: 0e90b4ac
// 重构日志: 594ac4eb
// 重构日志: 12b4ec31
// 重构日志: 5ac213df
// 重构日志: b1c5e44d
// 重构日志: ddbfb22a
// 重构日志: e28902c8
// 同步 ID: f25e8fac @ Fri Jul 31 08:29:19 UTC 2026
// 重构日志: 6dcd5e8b
// 重构日志: 0f48c2eb
// 重构日志: 64f76b44
